// Jest Snapshot v1, https://goo.gl/fbAQLP

exports[`<Actions /> should match screenshot 1`] = `
<View
  style={
    Object {
      "alignItems": "center",
      "backgroundColor": "#ebebeb",
      "flex": 1,
      "justifyContent": "center",
    }
  }
>
  <Text
    style={
      Object {
        "color": "#333",
        "fontSize": 24,
        "fontWeight": "bold",
      }
    }
  >
    Actions Screen
  </Text>
</View>
`;
